[2024-12-11T14:44:16.074-0500][gc,init] CardTable entry size: 512
[2024-12-11T14:44:16.074-0500][gc     ] Using G1
[2024-12-11T14:44:16.077-0500][gc,init] Version: 21.0.5+11-Ubuntu-1ubuntu124.04 (release)
[2024-12-11T14:44:16.077-0500][gc,init] CPUs: 8 total, 8 available
[2024-12-11T14:44:16.077-0500][gc,init] Memory: 7820M
[2024-12-11T14:44:16.077-0500][gc,init] Large Page Support: Disabled
[2024-12-11T14:44:16.077-0500][gc,init] NUMA Support: Disabled
[2024-12-11T14:44:16.077-0500][gc,init] Compressed Oops: Enabled (32-bit)
[2024-12-11T14:44:16.077-0500][gc,init] Heap Region Size: 1M
[2024-12-11T14:44:16.077-0500][gc,init] Heap Min Capacity: 1G
[2024-12-11T14:44:16.077-0500][gc,init] Heap Initial Capacity: 1G
[2024-12-11T14:44:16.077-0500][gc,init] Heap Max Capacity: 1G
[2024-12-11T14:44:16.077-0500][gc,init] Pre-touch: Disabled
[2024-12-11T14:44:16.077-0500][gc,init] Parallel Workers: 8
[2024-12-11T14:44:16.077-0500][gc,init] Concurrent Workers: 2
[2024-12-11T14:44:16.077-0500][gc,init] Concurrent Refinement Workers: 8
[2024-12-11T14:44:16.077-0500][gc,init] Periodic GC: Disabled
[2024-12-11T14:44:16.081-0500][gc,metaspace] CDS archive(s) mapped at: [0x00007ff72f000000-0x00007ff72fc97000-0x00007ff72fc97000), size 13201408, SharedBaseAddress: 0x00007ff72f000000, ArchiveRelocationMode: 1.
[2024-12-11T14:44:16.081-0500][gc,metaspace] Compressed class space mapped at: 0x00007ff730000000-0x00007ff770000000, reserved size: 1073741824
[2024-12-11T14:44:16.081-0500][gc,metaspace] Narrow klass base: 0x00007ff72f000000, Narrow klass shift: 0, Narrow klass range: 0x100000000
[2024-12-11T14:44:16.748-0500][gc,start    ] GC(0) Pause Young (Normal) (G1 Evacuation Pause)
[2024-12-11T14:44:16.749-0500][gc,task     ] GC(0) Using 8 workers of 8 for evacuation
[2024-12-11T14:44:16.755-0500][gc,phases   ] GC(0)   Pre Evacuate Collection Set: 0.3ms
[2024-12-11T14:44:16.755-0500][gc,phases   ] GC(0)   Merge Heap Roots: 0.2ms
[2024-12-11T14:44:16.755-0500][gc,phases   ] GC(0)   Evacuate Collection Set: 4.1ms
[2024-12-11T14:44:16.755-0500][gc,phases   ] GC(0)   Post Evacuate Collection Set: 1.2ms
[2024-12-11T14:44:16.755-0500][gc,phases   ] GC(0)   Other: 1.6ms
[2024-12-11T14:44:16.755-0500][gc,heap     ] GC(0) Eden regions: 51->0(44)
[2024-12-11T14:44:16.755-0500][gc,heap     ] GC(0) Survivor regions: 0->7(7)
[2024-12-11T14:44:16.755-0500][gc,heap     ] GC(0) Old regions: 2->3
[2024-12-11T14:44:16.755-0500][gc,heap     ] GC(0) Humongous regions: 0->0
[2024-12-11T14:44:16.755-0500][gc,metaspace] GC(0) Metaspace: 17453K(17664K)->17453K(17664K) NonClass: 15442K(15552K)->15442K(15552K) Class: 2011K(2112K)->2011K(2112K)
[2024-12-11T14:44:16.755-0500][gc          ] GC(0) Pause Young (Normal) (G1 Evacuation Pause) 52M->9M(1024M) 7.483ms
[2024-12-11T14:44:16.755-0500][gc,cpu      ] GC(0) User=0.03s Sys=0.00s Real=0.00s
[2024-12-11T14:44:16.918-0500][gc,start    ] GC(1) Pause Young (Concurrent Start) (Metadata GC Threshold)
[2024-12-11T14:44:16.918-0500][gc,task     ] GC(1) Using 8 workers of 8 for evacuation
[2024-12-11T14:44:16.923-0500][gc,phases   ] GC(1)   Pre Evacuate Collection Set: 0.6ms
[2024-12-11T14:44:16.923-0500][gc,phases   ] GC(1)   Merge Heap Roots: 0.1ms
[2024-12-11T14:44:16.924-0500][gc,phases   ] GC(1)   Evacuate Collection Set: 3.4ms
[2024-12-11T14:44:16.924-0500][gc,phases   ] GC(1)   Post Evacuate Collection Set: 0.8ms
[2024-12-11T14:44:16.924-0500][gc,phases   ] GC(1)   Other: 0.2ms
[2024-12-11T14:44:16.924-0500][gc,heap     ] GC(1) Eden regions: 14->0(49)
[2024-12-11T14:44:16.924-0500][gc,heap     ] GC(1) Survivor regions: 7->2(7)
[2024-12-11T14:44:16.924-0500][gc,heap     ] GC(1) Old regions: 3->11
[2024-12-11T14:44:16.924-0500][gc,heap     ] GC(1) Humongous regions: 0->0
[2024-12-11T14:44:16.924-0500][gc,metaspace] GC(1) Metaspace: 21318K(21504K)->21318K(21504K) NonClass: 18842K(18944K)->18842K(18944K) Class: 2476K(2560K)->2476K(2560K)
[2024-12-11T14:44:16.924-0500][gc          ] GC(1) Pause Young (Concurrent Start) (Metadata GC Threshold) 22M->10M(1024M) 5.198ms
[2024-12-11T14:44:16.924-0500][gc,cpu      ] GC(1) User=0.02s Sys=0.00s Real=0.00s
[2024-12-11T14:44:16.924-0500][gc          ] GC(2) Concurrent Mark Cycle
[2024-12-11T14:44:16.924-0500][gc,marking  ] GC(2) Concurrent Scan Root Regions
[2024-12-11T14:44:16.926-0500][gc,marking  ] GC(2) Concurrent Scan Root Regions 2.042ms
[2024-12-11T14:44:16.926-0500][gc,marking  ] GC(2) Concurrent Mark
[2024-12-11T14:44:16.926-0500][gc,marking  ] GC(2) Concurrent Mark From Roots
[2024-12-11T14:44:16.926-0500][gc,task     ] GC(2) Using 2 workers of 2 for marking
[2024-12-11T14:44:16.927-0500][gc,marking  ] GC(2) Concurrent Mark From Roots 1.517ms
[2024-12-11T14:44:16.927-0500][gc,marking  ] GC(2) Concurrent Preclean
[2024-12-11T14:44:16.927-0500][gc,marking  ] GC(2) Concurrent Preclean 0.007ms
[2024-12-11T14:44:16.927-0500][gc,start    ] GC(2) Pause Remark
[2024-12-11T14:44:16.930-0500][gc          ] GC(2) Pause Remark 11M->11M(1024M) 2.248ms
[2024-12-11T14:44:16.930-0500][gc,cpu      ] GC(2) User=0.00s Sys=0.00s Real=0.00s
[2024-12-11T14:44:16.930-0500][gc,marking  ] GC(2) Concurrent Mark 4.111ms
[2024-12-11T14:44:16.930-0500][gc,marking  ] GC(2) Concurrent Rebuild Remembered Sets and Scrub Regions
[2024-12-11T14:44:16.931-0500][gc,marking  ] GC(2) Concurrent Rebuild Remembered Sets and Scrub Regions 1.460ms
[2024-12-11T14:44:16.931-0500][gc,start    ] GC(2) Pause Cleanup
[2024-12-11T14:44:16.932-0500][gc          ] GC(2) Pause Cleanup 11M->11M(1024M) 0.277ms
[2024-12-11T14:44:16.932-0500][gc,cpu      ] GC(2) User=0.00s Sys=0.00s Real=0.00s
[2024-12-11T14:44:16.932-0500][gc,marking  ] GC(2) Concurrent Clear Claimed Marks
[2024-12-11T14:44:16.932-0500][gc,marking  ] GC(2) Concurrent Clear Claimed Marks 0.027ms
[2024-12-11T14:44:16.932-0500][gc,marking  ] GC(2) Concurrent Cleanup for Next Mark
[2024-12-11T14:44:16.935-0500][gc,marking  ] GC(2) Concurrent Cleanup for Next Mark 2.663ms
[2024-12-11T14:44:16.935-0500][gc          ] GC(2) Concurrent Mark Cycle 10.939ms
[2024-12-11T14:44:17.463-0500][gc,start    ] GC(3) Pause Young (Prepare Mixed) (G1 Evacuation Pause)
[2024-12-11T14:44:17.464-0500][gc,task     ] GC(3) Using 8 workers of 8 for evacuation
[2024-12-11T14:44:17.468-0500][gc,phases   ] GC(3)   Pre Evacuate Collection Set: 0.3ms
[2024-12-11T14:44:17.468-0500][gc,phases   ] GC(3)   Merge Heap Roots: 0.1ms
[2024-12-11T14:44:17.468-0500][gc,phases   ] GC(3)   Evacuate Collection Set: 3.0ms
[2024-12-11T14:44:17.468-0500][gc,phases   ] GC(3)   Post Evacuate Collection Set: 0.6ms
[2024-12-11T14:44:17.468-0500][gc,phases   ] GC(3)   Other: 0.0ms
[2024-12-11T14:44:17.468-0500][gc,heap     ] GC(3) Eden regions: 49->0(44)
[2024-12-11T14:44:17.468-0500][gc,heap     ] GC(3) Survivor regions: 2->7(7)
[2024-12-11T14:44:17.468-0500][gc,heap     ] GC(3) Old regions: 11->11
[2024-12-11T14:44:17.468-0500][gc,heap     ] GC(3) Humongous regions: 129->129
[2024-12-11T14:44:17.468-0500][gc,metaspace] GC(3) Metaspace: 33116K(33408K)->33116K(33408K) NonClass: 29581K(29760K)->29581K(29760K) Class: 3534K(3648K)->3534K(3648K)
[2024-12-11T14:44:17.468-0500][gc          ] GC(3) Pause Young (Prepare Mixed) (G1 Evacuation Pause) 188M->144M(1024M) 4.226ms
[2024-12-11T14:44:17.468-0500][gc,cpu      ] GC(3) User=0.04s Sys=0.00s Real=0.01s
[2024-12-11T14:44:17.532-0500][gc,start    ] GC(4) Pause Young (Mixed) (Metadata GC Threshold)
[2024-12-11T14:44:17.532-0500][gc,task     ] GC(4) Using 8 workers of 8 for evacuation
[2024-12-11T14:44:17.539-0500][gc,phases   ] GC(4)   Pre Evacuate Collection Set: 0.2ms
[2024-12-11T14:44:17.539-0500][gc,phases   ] GC(4)   Merge Heap Roots: 0.1ms
[2024-12-11T14:44:17.539-0500][gc,phases   ] GC(4)   Evacuate Collection Set: 5.5ms
[2024-12-11T14:44:17.539-0500][gc,phases   ] GC(4)   Post Evacuate Collection Set: 0.4ms
[2024-12-11T14:44:17.539-0500][gc,phases   ] GC(4)   Other: 0.1ms
[2024-12-11T14:44:17.539-0500][gc,heap     ] GC(4) Eden regions: 11->0(50)
[2024-12-11T14:44:17.539-0500][gc,heap     ] GC(4) Survivor regions: 7->1(7)
[2024-12-11T14:44:17.539-0500][gc,heap     ] GC(4) Old regions: 11->16
[2024-12-11T14:44:17.539-0500][gc,heap     ] GC(4) Humongous regions: 129->129
[2024-12-11T14:44:17.539-0500][gc,metaspace] GC(4) Metaspace: 35690K(35968K)->35690K(35968K) NonClass: 31867K(32064K)->31867K(32064K) Class: 3823K(3904K)->3823K(3904K)
[2024-12-11T14:44:17.539-0500][gc          ] GC(4) Pause Young (Mixed) (Metadata GC Threshold) 154M->145M(1024M) 6.410ms
[2024-12-11T14:44:17.539-0500][gc,cpu      ] GC(4) User=0.01s Sys=0.03s Real=0.01s
[2024-12-11T14:44:17.561-0500][gc,start    ] GC(5) Pause Young (Concurrent Start) (Metadata GC Threshold)
[2024-12-11T14:44:17.561-0500][gc,task     ] GC(5) Using 8 workers of 8 for evacuation
[2024-12-11T14:44:17.563-0500][gc,phases   ] GC(5)   Pre Evacuate Collection Set: 0.2ms
[2024-12-11T14:44:17.563-0500][gc,phases   ] GC(5)   Merge Heap Roots: 0.1ms
[2024-12-11T14:44:17.563-0500][gc,phases   ] GC(5)   Evacuate Collection Set: 0.7ms
[2024-12-11T14:44:17.563-0500][gc,phases   ] GC(5)   Post Evacuate Collection Set: 0.3ms
[2024-12-11T14:44:17.563-0500][gc,phases   ] GC(5)   Other: 0.1ms
[2024-12-11T14:44:17.563-0500][gc,heap     ] GC(5) Eden regions: 3->0(50)
[2024-12-11T14:44:17.563-0500][gc,heap     ] GC(5) Survivor regions: 1->1(7)
[2024-12-11T14:44:17.563-0500][gc,heap     ] GC(5) Old regions: 16->16
[2024-12-11T14:44:17.563-0500][gc,heap     ] GC(5) Humongous regions: 129->129
[2024-12-11T14:44:17.563-0500][gc,metaspace] GC(5) Metaspace: 36083K(36288K)->36083K(36288K) NonClass: 32189K(32320K)->32189K(32320K) Class: 3893K(3968K)->3893K(3968K)
[2024-12-11T14:44:17.563-0500][gc          ] GC(5) Pause Young (Concurrent Start) (Metadata GC Threshold) 147M->145M(1024M) 1.485ms
[2024-12-11T14:44:17.563-0500][gc,cpu      ] GC(5) User=0.00s Sys=0.00s Real=0.00s
[2024-12-11T14:44:17.563-0500][gc          ] GC(6) Concurrent Mark Cycle
[2024-12-11T14:44:17.563-0500][gc,marking  ] GC(6) Concurrent Scan Root Regions
[2024-12-11T14:44:17.564-0500][gc,marking  ] GC(6) Concurrent Scan Root Regions 0.921ms
[2024-12-11T14:44:17.564-0500][gc,marking  ] GC(6) Concurrent Mark
[2024-12-11T14:44:17.564-0500][gc,marking  ] GC(6) Concurrent Mark From Roots
[2024-12-11T14:44:17.564-0500][gc,task     ] GC(6) Using 2 workers of 2 for marking
[2024-12-11T14:44:17.573-0500][gc,marking  ] GC(6) Concurrent Mark From Roots 8.747ms
[2024-12-11T14:44:17.573-0500][gc,marking  ] GC(6) Concurrent Preclean
[2024-12-11T14:44:17.573-0500][gc,marking  ] GC(6) Concurrent Preclean 0.036ms
[2024-12-11T14:44:17.577-0500][gc,start    ] GC(6) Pause Remark
[2024-12-11T14:44:17.579-0500][gc          ] GC(6) Pause Remark 146M->146M(1024M) 1.840ms
[2024-12-11T14:44:17.579-0500][gc,cpu      ] GC(6) User=0.02s Sys=0.00s Real=0.01s
[2024-12-11T14:44:17.579-0500][gc,marking  ] GC(6) Concurrent Mark 15.037ms
[2024-12-11T14:44:17.579-0500][gc,marking  ] GC(6) Concurrent Rebuild Remembered Sets and Scrub Regions
[2024-12-11T14:44:17.582-0500][gc,marking  ] GC(6) Concurrent Rebuild Remembered Sets and Scrub Regions 3.281ms
[2024-12-11T14:44:17.582-0500][gc,start    ] GC(6) Pause Cleanup
[2024-12-11T14:44:17.582-0500][gc          ] GC(6) Pause Cleanup 146M->146M(1024M) 0.184ms
[2024-12-11T14:44:17.582-0500][gc,cpu      ] GC(6) User=0.00s Sys=0.00s Real=0.00s
[2024-12-11T14:44:17.582-0500][gc,marking  ] GC(6) Concurrent Clear Claimed Marks
[2024-12-11T14:44:17.583-0500][gc,marking  ] GC(6) Concurrent Clear Claimed Marks 0.034ms
[2024-12-11T14:44:17.583-0500][gc,marking  ] GC(6) Concurrent Cleanup for Next Mark
[2024-12-11T14:44:17.583-0500][gc,marking  ] GC(6) Concurrent Cleanup for Next Mark 0.729ms
[2024-12-11T14:44:17.583-0500][gc          ] GC(6) Concurrent Mark Cycle 20.418ms
[2024-12-11T16:06:35.663-0500][gc,start    ] GC(7) Pause Young (Prepare Mixed) (G1 Evacuation Pause)
[2024-12-11T16:06:35.665-0500][gc,task     ] GC(7) Using 8 workers of 8 for evacuation
[2024-12-11T16:06:35.685-0500][gc,mmu      ] GC(7) MMU target violated: 20.2ms (20.0ms/21.0ms)
[2024-12-11T16:06:35.686-0500][gc,phases   ] GC(7)   Pre Evacuate Collection Set: 5.5ms
[2024-12-11T16:06:35.686-0500][gc,phases   ] GC(7)   Merge Heap Roots: 0.7ms
[2024-12-11T16:06:35.686-0500][gc,phases   ] GC(7)   Evacuate Collection Set: 11.4ms
[2024-12-11T16:06:35.686-0500][gc,phases   ] GC(7)   Post Evacuate Collection Set: 2.2ms
[2024-12-11T16:06:35.686-0500][gc,phases   ] GC(7)   Other: 1.5ms
[2024-12-11T16:06:35.686-0500][gc,heap     ] GC(7) Eden regions: 50->0(48)
[2024-12-11T16:06:35.686-0500][gc,heap     ] GC(7) Survivor regions: 1->3(7)
[2024-12-11T16:06:35.686-0500][gc,heap     ] GC(7) Old regions: 16->16
[2024-12-11T16:06:35.686-0500][gc,heap     ] GC(7) Humongous regions: 129->129
[2024-12-11T16:06:35.686-0500][gc,metaspace] GC(7) Metaspace: 41421K(41920K)->41421K(41920K) NonClass: 36707K(36992K)->36707K(36992K) Class: 4714K(4928K)->4714K(4928K)
[2024-12-11T16:06:35.686-0500][gc          ] GC(7) Pause Young (Prepare Mixed) (G1 Evacuation Pause) 195M->146M(1024M) 23.267ms
[2024-12-11T16:06:35.686-0500][gc,cpu      ] GC(7) User=0.15s Sys=0.00s Real=0.03s
[2024-12-11T16:25:58.076-0500][gc,start    ] GC(8) Pause Young (Mixed) (G1 Evacuation Pause)
[2024-12-11T16:25:58.078-0500][gc,task     ] GC(8) Using 8 workers of 8 for evacuation
[2024-12-11T16:25:58.099-0500][gc,mmu      ] GC(8) MMU target violated: 21.0ms (20.0ms/21.0ms)
[2024-12-11T16:25:58.100-0500][gc,phases   ] GC(8)   Pre Evacuate Collection Set: 1.6ms
[2024-12-11T16:25:58.100-0500][gc,phases   ] GC(8)   Merge Heap Roots: 0.3ms
[2024-12-11T16:25:58.100-0500][gc,phases   ] GC(8)   Evacuate Collection Set: 17.9ms
[2024-12-11T16:25:58.100-0500][gc,phases   ] GC(8)   Post Evacuate Collection Set: 1.6ms
[2024-12-11T16:25:58.100-0500][gc,phases   ] GC(8)   Other: 0.2ms
[2024-12-11T16:25:58.100-0500][gc,heap     ] GC(8) Eden regions: 48->0(44)
[2024-12-11T16:25:58.100-0500][gc,heap     ] GC(8) Survivor regions: 3->7(7)
[2024-12-11T16:25:58.100-0500][gc,heap     ] GC(8) Old regions: 16->16
[2024-12-11T16:25:58.100-0500][gc,heap     ] GC(8) Humongous regions: 129->129
[2024-12-11T16:25:58.100-0500][gc,metaspace] GC(8) Metaspace: 44375K(45056K)->44375K(45056K) NonClass: 39332K(39744K)->39332K(39744K) Class: 5043K(5312K)->5043K(5312K)
[2024-12-11T16:25:58.100-0500][gc          ] GC(8) Pause Young (Mixed) (G1 Evacuation Pause) 194M->150M(1024M) 23.455ms
[2024-12-11T16:25:58.100-0500][gc,cpu      ] GC(8) User=0.11s Sys=0.04s Real=0.03s
[2024-12-11T17:07:55.548-0500][gc,start    ] GC(9) Pause Young (Normal) (G1 Evacuation Pause)
[2024-12-11T17:07:55.548-0500][gc,task     ] GC(9) Using 8 workers of 8 for evacuation
[2024-12-11T17:07:55.560-0500][gc,phases   ] GC(9)   Pre Evacuate Collection Set: 1.1ms
[2024-12-11T17:07:55.560-0500][gc,phases   ] GC(9)   Merge Heap Roots: 0.2ms
[2024-12-11T17:07:55.560-0500][gc,phases   ] GC(9)   Evacuate Collection Set: 9.3ms
[2024-12-11T17:07:55.560-0500][gc,phases   ] GC(9)   Post Evacuate Collection Set: 1.3ms
[2024-12-11T17:07:55.560-0500][gc,phases   ] GC(9)   Other: 0.1ms
[2024-12-11T17:07:55.560-0500][gc,heap     ] GC(9) Eden regions: 44->0(48)
[2024-12-11T17:07:55.560-0500][gc,heap     ] GC(9) Survivor regions: 7->3(7)
[2024-12-11T17:07:55.560-0500][gc,heap     ] GC(9) Old regions: 16->20
[2024-12-11T17:07:55.560-0500][gc,heap     ] GC(9) Humongous regions: 129->129
[2024-12-11T17:07:55.560-0500][gc,metaspace] GC(9) Metaspace: 44506K(45120K)->44506K(45120K) NonClass: 39459K(39808K)->39459K(39808K) Class: 5047K(5312K)->5047K(5312K)
[2024-12-11T17:07:55.560-0500][gc          ] GC(9) Pause Young (Normal) (G1 Evacuation Pause) 194M->151M(1024M) 12.205ms
[2024-12-11T17:07:55.560-0500][gc,cpu      ] GC(9) User=0.05s Sys=0.03s Real=0.01s
[2024-12-11T17:25:11.757-0500][gc,start    ] GC(10) Pause Young (Normal) (G1 Evacuation Pause)
[2024-12-11T17:25:11.757-0500][gc,task     ] GC(10) Using 8 workers of 8 for evacuation
[2024-12-11T17:25:11.770-0500][gc,phases   ] GC(10)   Pre Evacuate Collection Set: 4.0ms
[2024-12-11T17:25:11.770-0500][gc,phases   ] GC(10)   Merge Heap Roots: 1.1ms
[2024-12-11T17:25:11.770-0500][gc,phases   ] GC(10)   Evacuate Collection Set: 5.9ms
[2024-12-11T17:25:11.770-0500][gc,phases   ] GC(10)   Post Evacuate Collection Set: 1.6ms
[2024-12-11T17:25:11.770-0500][gc,phases   ] GC(10)   Other: 0.4ms
[2024-12-11T17:25:11.770-0500][gc,heap     ] GC(10) Eden regions: 48->0(49)
[2024-12-11T17:25:11.770-0500][gc,heap     ] GC(10) Survivor regions: 3->2(7)
[2024-12-11T17:25:11.770-0500][gc,heap     ] GC(10) Old regions: 20->20
[2024-12-11T17:25:11.770-0500][gc,heap     ] GC(10) Humongous regions: 129->129
[2024-12-11T17:25:11.770-0500][gc,metaspace] GC(10) Metaspace: 44550K(45184K)->44550K(45184K) NonClass: 39503K(39872K)->39503K(39872K) Class: 5047K(5312K)->5047K(5312K)
[2024-12-11T17:25:11.770-0500][gc          ] GC(10) Pause Young (Normal) (G1 Evacuation Pause) 199M->150M(1024M) 13.142ms
[2024-12-11T17:25:11.770-0500][gc,cpu      ] GC(10) User=0.08s Sys=0.00s Real=0.01s
[2024-12-11T17:58:54.188-0500][gc,start    ] GC(11) Pause Young (Normal) (G1 Evacuation Pause)
[2024-12-11T17:58:54.189-0500][gc,task     ] GC(11) Using 8 workers of 8 for evacuation
[2024-12-11T17:58:54.193-0500][gc,phases   ] GC(11)   Pre Evacuate Collection Set: 0.6ms
[2024-12-11T17:58:54.193-0500][gc,phases   ] GC(11)   Merge Heap Roots: 0.2ms
[2024-12-11T17:58:54.193-0500][gc,phases   ] GC(11)   Evacuate Collection Set: 2.8ms
[2024-12-11T17:58:54.193-0500][gc,phases   ] GC(11)   Post Evacuate Collection Set: 1.0ms
[2024-12-11T17:58:54.193-0500][gc,phases   ] GC(11)   Other: 0.1ms
[2024-12-11T17:58:54.193-0500][gc,heap     ] GC(11) Eden regions: 49->0(48)
[2024-12-11T17:58:54.193-0500][gc,heap     ] GC(11) Survivor regions: 2->3(7)
[2024-12-11T17:58:54.193-0500][gc,heap     ] GC(11) Old regions: 20->20
[2024-12-11T17:58:54.193-0500][gc,heap     ] GC(11) Humongous regions: 129->129
[2024-12-11T17:58:54.193-0500][gc,metaspace] GC(11) Metaspace: 45497K(46144K)->45497K(46144K) NonClass: 40274K(40640K)->40274K(40640K) Class: 5222K(5504K)->5222K(5504K)
[2024-12-11T17:58:54.193-0500][gc          ] GC(11) Pause Young (Normal) (G1 Evacuation Pause) 199M->150M(1024M) 5.541ms
[2024-12-11T17:58:54.194-0500][gc,cpu      ] GC(11) User=0.01s Sys=0.01s Real=0.01s
[2024-12-11T17:58:54.393-0500][gc,heap,exit] Heap
[2024-12-11T17:58:54.393-0500][gc,heap,exit]  garbage-first heap   total 1048576K, used 157925K [0x00000000c0000000, 0x0000000100000000)
[2024-12-11T17:58:54.393-0500][gc,heap,exit]   region size 1024K, 7 young (7168K), 3 survivors (3072K)
[2024-12-11T17:58:54.393-0500][gc,heap,exit]  Metaspace       used 45613K, committed 46208K, reserved 1114112K
[2024-12-11T17:58:54.393-0500][gc,heap,exit]   class space    used 5252K, committed 5504K, reserved 1048576K
