[2024-12-11T14:39:42.443-0500][gc,init] CardTable entry size: 512
[2024-12-11T14:39:42.443-0500][gc     ] Using G1
[2024-12-11T14:39:42.445-0500][gc,init] Version: 21.0.5+11-Ubuntu-1ubuntu124.04 (release)
[2024-12-11T14:39:42.445-0500][gc,init] CPUs: 8 total, 8 available
[2024-12-11T14:39:42.445-0500][gc,init] Memory: 7820M
[2024-12-11T14:39:42.445-0500][gc,init] Large Page Support: Disabled
[2024-12-11T14:39:42.445-0500][gc,init] NUMA Support: Disabled
[2024-12-11T14:39:42.445-0500][gc,init] Compressed Oops: Enabled (32-bit)
[2024-12-11T14:39:42.445-0500][gc,init] Heap Region Size: 1M
[2024-12-11T14:39:42.445-0500][gc,init] Heap Min Capacity: 512M
[2024-12-11T14:39:42.445-0500][gc,init] Heap Initial Capacity: 512M
[2024-12-11T14:39:42.445-0500][gc,init] Heap Max Capacity: 512M
[2024-12-11T14:39:42.445-0500][gc,init] Pre-touch: Disabled
[2024-12-11T14:39:42.445-0500][gc,init] Parallel Workers: 8
[2024-12-11T14:39:42.445-0500][gc,init] Concurrent Workers: 2
[2024-12-11T14:39:42.445-0500][gc,init] Concurrent Refinement Workers: 8
[2024-12-11T14:39:42.445-0500][gc,init] Periodic GC: Disabled
[2024-12-11T14:39:42.449-0500][gc,metaspace] CDS archive(s) mapped at: [0x00007fd87f000000-0x00007fd87fc97000-0x00007fd87fc97000), size 13201408, SharedBaseAddress: 0x00007fd87f000000, ArchiveRelocationMode: 1.
[2024-12-11T14:39:42.449-0500][gc,metaspace] Compressed class space mapped at: 0x00007fd880000000-0x00007fd8c0000000, reserved size: 1073741824
[2024-12-11T14:39:42.449-0500][gc,metaspace] Narrow klass base: 0x00007fd87f000000, Narrow klass shift: 0, Narrow klass range: 0x100000000
[2024-12-11T14:39:42.918-0500][gc,start    ] GC(0) Pause Young (Normal) (G1 Evacuation Pause)
[2024-12-11T14:39:42.919-0500][gc,task     ] GC(0) Using 8 workers of 8 for evacuation
[2024-12-11T14:39:42.924-0500][gc,phases   ] GC(0)   Pre Evacuate Collection Set: 0.1ms
[2024-12-11T14:39:42.924-0500][gc,phases   ] GC(0)   Merge Heap Roots: 0.1ms
[2024-12-11T14:39:42.924-0500][gc,phases   ] GC(0)   Evacuate Collection Set: 4.0ms
[2024-12-11T14:39:42.924-0500][gc,phases   ] GC(0)   Post Evacuate Collection Set: 0.6ms
[2024-12-11T14:39:42.924-0500][gc,phases   ] GC(0)   Other: 0.7ms
[2024-12-11T14:39:42.924-0500][gc,heap     ] GC(0) Eden regions: 25->0(21)
[2024-12-11T14:39:42.924-0500][gc,heap     ] GC(0) Survivor regions: 0->4(4)
[2024-12-11T14:39:42.924-0500][gc,heap     ] GC(0) Old regions: 2->7
[2024-12-11T14:39:42.924-0500][gc,heap     ] GC(0) Humongous regions: 0->0
[2024-12-11T14:39:42.924-0500][gc,metaspace] GC(0) Metaspace: 7903K(8064K)->7903K(8064K) NonClass: 7091K(7168K)->7091K(7168K) Class: 812K(896K)->812K(896K)
[2024-12-11T14:39:42.924-0500][gc          ] GC(0) Pause Young (Normal) (G1 Evacuation Pause) 26M->9M(512M) 5.652ms
[2024-12-11T14:39:42.924-0500][gc,cpu      ] GC(0) User=0.03s Sys=0.01s Real=0.00s
[2024-12-11T17:59:05.032-0500][gc,heap,exit] Heap
[2024-12-11T17:59:05.033-0500][gc,heap,exit]  garbage-first heap   total 524288K, used 25576K [0x00000000e0000000, 0x0000000100000000)
[2024-12-11T17:59:05.033-0500][gc,heap,exit]   region size 1024K, 20 young (20480K), 4 survivors (4096K)
[2024-12-11T17:59:05.033-0500][gc,heap,exit]  Metaspace       used 9686K, committed 9920K, reserved 1114112K
[2024-12-11T17:59:05.033-0500][gc,heap,exit]   class space    used 956K, committed 1088K, reserved 1048576K
